# tool: Comments

Progress, questions and feedback on a task.

When you are executing a task autonomously, nobody is watching the chat. The
comment is the durable, findable record of what you did and what you decided —
it is where the work is reported, not the conversation.

## Commands
- **list** — read a task's discussion, flat and grouped into threads
- **get** — read one comment
- **create** — write a comment, or reply to one
- **update** — rewrite something you wrote
- **delete** — remove something you wrote

## When to use
- **While executing a task:** post progress here, not in chat
- **When blocked:** say what is blocking and what you need
- **On a decision:** record the choice and the reason where the work is

## When NOT to use
- Not for the plan — that is a todo
- Not for what you learned in general — that is a memory

Composite tool `Comments` with 5 actions: create, delete, get, list, update.

Authorship is server-side. You cannot set an author, and you can only edit or
delete what you wrote yourself.

Reply in-thread rather than starting a new top-level comment for every update.
A task with thirty top-level comments is a task nobody can read.

## Usage
Call as `Comments({ action: "<action>", input: { ... }, _reasoning: "..." })`.
Set `schema: true` on the same level as `action` to receive the full action detail (description, examples, input schema, token estimate) instead of executing.

## actions

### comments_create

Write a comment on a task.

Post to a task's discussion.

You are the author because of who is making the call; there is no field for it.
Pass a parent to reply — and a reply to a reply joins the same thread rather
than nesting deeper.

```json
{
  "type": "object",
  "properties": {
    "task": {
      "type": "string",
      "description": "Identifier of the parent task."
    },
    "body": {
      "type": "string",
      "description": "The comment, in Markdown."
    },
    "parent": {
      "type": "string",
      "description": "Comment this replies to. A reply to a reply joins the same thread."
    },
    "_reasoning": {
      "type": "string",
      "description": "MANDATORY. NEVER FORGET. Explain why this specific tool is being called now, what outcome you expect, and the immediate next step if that helps clarify the call. Do not leave this empty.",
      "minLength": 1
    }
  },
  "required": [
    "task",
    "body",
    "_reasoning"
  ],
  "additionalProperties": false
}
```

### comments_delete

Remove a comment you wrote.

Remove your own comment.

Its replies survive, promoted to the top level: deleting the message somebody
was answering must not delete their answer.

```json
{
  "type": "object",
  "properties": {
    "task": {
      "type": "string",
      "description": "Identifier of the parent task."
    },
    "id": {
      "type": "string",
      "description": "Identifier of the comment."
    },
    "_reasoning": {
      "type": "string",
      "description": "MANDATORY. NEVER FORGET. Explain why this specific tool is being called now, what outcome you expect, and the immediate next step if that helps clarify the call. Do not leave this empty.",
      "minLength": 1
    }
  },
  "required": [
    "task",
    "id",
    "_reasoning"
  ],
  "additionalProperties": false
}
```

### comments_get

Read one comment.

Read one comment in full, with its author and the thread it belongs to.

```json
{
  "type": "object",
  "properties": {
    "task": {
      "type": "string",
      "description": "Identifier of the parent task."
    },
    "id": {
      "type": "string",
      "description": "Identifier of the comment."
    },
    "_reasoning": {
      "type": "string",
      "description": "MANDATORY. NEVER FORGET. Explain why this specific tool is being called now, what outcome you expect, and the immediate next step if that helps clarify the call. Do not leave this empty.",
      "minLength": 1
    }
  },
  "required": [
    "task",
    "id",
    "_reasoning"
  ],
  "additionalProperties": false
}
```

### comments_list

Read a task's discussion.

Every comment on a task, oldest first, and the same comments grouped
into threads.

Both shapes are returned because both are needed: the flat list is the order
things were said, and the threads are how the discussion reads.

```json
{
  "type": "object",
  "properties": {
    "task": {
      "type": "string",
      "description": "Identifier of the parent task."
    },
    "_reasoning": {
      "type": "string",
      "description": "MANDATORY. NEVER FORGET. Explain why this specific tool is being called now, what outcome you expect, and the immediate next step if that helps clarify the call. Do not leave this empty.",
      "minLength": 1
    }
  },
  "required": [
    "task",
    "_reasoning"
  ],
  "additionalProperties": false
}
```

### comments_update

Rewrite a comment you wrote.

Change the body of your own comment.

Somebody else's comment is not yours to edit, and the attempt is refused. Reply
to it instead.

```json
{
  "type": "object",
  "properties": {
    "task": {
      "type": "string",
      "description": "Identifier of the parent task."
    },
    "id": {
      "type": "string",
      "description": "Identifier of the comment."
    },
    "body": {
      "type": "string",
      "description": "The new body, in Markdown."
    },
    "_reasoning": {
      "type": "string",
      "description": "MANDATORY. NEVER FORGET. Explain why this specific tool is being called now, what outcome you expect, and the immediate next step if that helps clarify the call. Do not leave this empty.",
      "minLength": 1
    }
  },
  "required": [
    "task",
    "id",
    "body",
    "_reasoning"
  ],
  "additionalProperties": false
}
```

