# tool: Jobs

What the daemon is running, has run, and could not run.

Turns, tasks and routines all become jobs. This group is how you find out
whether the work you expected to happen actually did, and why it did not.

## Commands
- **list** — the jobs, filtered by queue, status, workspace or kind
- **get** — one job with its payload, its result and its error
- **stats** — the shape of the queue: how many in each state, what is stuck
- **recover** — hand back jobs whose worker stopped reporting
- **purge** — remove finished jobs older than the window

## When to use
- **When something did not happen:** stats first, then list the dead ones
- **After a crash:** recover, to return the work its worker was holding

## When NOT to use
- Not to schedule work — work is enqueued by whatever owns it
- Not as a log of what an agent did; that is the activity log

Composite tool `Jobs` with 5 actions: get, list, purge, recover, stats.

There is no enqueue here, deliberately. A queue anything can write to is a queue
whose contents nobody can attribute.

A job marked claimed whose lease has lapsed is not a busy job: it is one whose
worker died. Stats separates the two, and recover is what fixes it.

A dead job is kept rather than deleted. "It ran and failed three times" and "it
never arrived" are different problems.

## Usage
Call as `Jobs({ action: "<action>", input: { ... }, _reasoning: "..." })`.
Set `schema: true` on the same level as `action` to receive the full action detail (description, examples, input schema, token estimate) instead of executing.

## actions

### jobs_get

Read one job.

One job in full: what it was asked to do, how many times it has been tried, what it produced, and what went wrong.

```json
{
  "type": "object",
  "properties": {
    "id": {
      "type": "string",
      "description": "Identifier of the job."
    },
    "_reasoning": {
      "type": "string",
      "description": "MANDATORY. NEVER FORGET. Explain why this specific tool is being called now, what outcome you expect, and the immediate next step if that helps clarify the call. Do not leave this empty.",
      "minLength": 1
    }
  },
  "required": [
    "id",
    "_reasoning"
  ],
  "additionalProperties": false
}
```

### jobs_list

List the queued work.

The jobs the daemon holds, newest first, filtered by queue, status, workspace or handler kind.

```json
{
  "type": "object",
  "properties": {
    "queue": {
      "type": "string",
      "description": "One of: chat, task, routine, workspace."
    },
    "status": {
      "type": "string",
      "description": "One of: pending, claimed, succeeded, failed, dead."
    },
    "workspace": {
      "type": "string",
      "description": "Only jobs of this workspace."
    },
    "kind": {
      "type": "string",
      "description": "Only jobs of this handler kind."
    },
    "limit": {
      "type": "integer",
      "description": "How many to return, newest first."
    },
    "_reasoning": {
      "type": "string",
      "description": "MANDATORY. NEVER FORGET. Explain why this specific tool is being called now, what outcome you expect, and the immediate next step if that helps clarify the call. Do not leave this empty.",
      "minLength": 1
    }
  },
  "required": [
    "_reasoning"
  ],
  "additionalProperties": false
}
```

### jobs_purge

Remove finished jobs older than the window.

Drop succeeded and dead jobs past the retention window, seven days by
default.

Only terminal jobs go. Anything pending, claimed or awaiting a retry stays
whichever window you ask for.

```json
{
  "type": "object",
  "properties": {
    "olderThanDays": {
      "type": "integer",
      "description": "Override the window, in days. Defaults to 7."
    },
    "_reasoning": {
      "type": "string",
      "description": "MANDATORY. NEVER FORGET. Explain why this specific tool is being called now, what outcome you expect, and the immediate next step if that helps clarify the call. Do not leave this empty.",
      "minLength": 1
    }
  },
  "required": [
    "_reasoning"
  ],
  "additionalProperties": false
}
```

### jobs_recover

Hand back work whose worker stopped reporting.

Return every job whose lease has lapsed to the queue.

A worker renews its lease while it runs. One that is killed stops, the lease
expires, and this is what makes the work it was holding runnable again rather
than a permanent hole in the queue.

```json
{
  "type": "object",
  "properties": {
    "_reasoning": {
      "type": "string",
      "description": "MANDATORY. NEVER FORGET. Explain why this specific tool is being called now, what outcome you expect, and the immediate next step if that helps clarify the call. Do not leave this empty.",
      "minLength": 1
    }
  },
  "required": [
    "_reasoning"
  ],
  "additionalProperties": false
}
```

### jobs_stats

The shape of the queue right now.

How many jobs in each state and on each queue, with the two lists that
matter: what died, and what is held by a worker that stopped reporting.

The second is the shape of a real incident. A claimed job whose lease has lapsed
is not busy — its worker is gone, and recover is what returns it.

```json
{
  "type": "object",
  "properties": {
    "workspace": {
      "type": "string",
      "description": "Only jobs of this workspace."
    },
    "_reasoning": {
      "type": "string",
      "description": "MANDATORY. NEVER FORGET. Explain why this specific tool is being called now, what outcome you expect, and the immediate next step if that helps clarify the call. Do not leave this empty.",
      "minLength": 1
    }
  },
  "required": [
    "_reasoning"
  ],
  "additionalProperties": false
}
```

