# tool: Models

Ask each connected provider what it can serve, right now.

The answer comes from the provider, not from a list inside this build. A model
that appears here exists and this installation can authenticate to it; a model
that does not appear either is not served or is not reachable with the
credential configured.

## Commands
- **list** — every connected provider's catalogue, or one named provider's

## When to use
- **Before pointing an agent or a slot at a model:** so the id is one that exists
- **When a turn fails with an unknown model:** to see what the provider replaced it with

## When NOT to use
- Not to find out which providers are *connected* — that is the configuration

Composite tool `Models` with 1 actions: list.

A provider that is connected but failing to answer comes back as an entry with
an empty catalogue and the reason in its error field, not as a missing entry and
not as a failed call. One expired key does not hide the other providers'
catalogues.

## Usage
Call as `Models({ action: "<action>", input: { ... }, _reasoning: "..." })`.
Set `schema: true` on the same level as `action` to receive the full action detail (description, examples, input schema, token estimate) instead of executing.

## actions

### models_list

List the models the connected providers serve.

Ask every connected provider for its catalogue, or one named provider for its own.

Each provider is asked over the network with the credential this installation
has for it, so this is a real question with a real latency, not a lookup.

```json
{
  "type": "object",
  "properties": {
    "provider": {
      "type": "string",
      "description": "One provider id. Empty asks every provider this installation has a credential for."
    },
    "_reasoning": {
      "type": "string",
      "description": "MANDATORY. NEVER FORGET. Explain why this specific tool is being called now, what outcome you expect, and the immediate next step if that helps clarify the call. Do not leave this empty.",
      "minLength": 1
    }
  },
  "required": [
    "_reasoning"
  ],
  "additionalProperties": false
}
```

