# tool: Routines

Work that starts without anybody asking.

A routine belongs to an agent and fires from one of three triggers: a cron
schedule, an authenticated webhook, or an activity inside the workspace. The
third is how reactive automation is built — "when a bug enters in_review, run
this".

Every firing records a run, successful or not. A routine with no run history is
only a promise that something happened.

## Commands
- **list** — the routines, with the scheduler's real resolution
- **get** — one routine, with when it fires next and anything wrong with it
- **create** — declare one, minting a webhook token if it needs one
- **update** — change it
- **rotate** — mint a new webhook token, invalidating the old one
- **fire** — run it now
- **runs** — its audit history
- **delete** — remove it with its runs

## When to use
- **Recurring work:** a morning triage, a nightly sweep
- **Reactive work:** something that should happen whenever X happens
- **Work triggered from outside:** a deploy hook, a form submission

## When NOT to use
- Not for something you are doing now — just do it
- Not for a one-off at a specific time — that is a task with a due date

Composite tool `Routines` with 8 actions: create, delete, fire, get, list, rotate, runs, update.

The scheduler evaluates cron triggers once per tick, 15 minutes by default. A
cron of "* * * * *" fires once per tick, not once a minute — get reports the
effective interval next to what you declared.

A webhook token is shown once, at creation. Only a hash is stored. Rotating is
the only way to get another.

Scope is what the routine may do while it runs. Without it a routine cannot
create tasks or reach outside the machine — the tool registry is filtered before
the agent sees it, so it does not choose a tool and then get refused.

## Usage
Call as `Routines({ action: "<action>", input: { ... }, _reasoning: "..." })`.
Set `schema: true` on the same level as `action` to receive the full action detail (description, examples, input schema, token estimate) instead of executing.

## actions

### routines_create

Declare a routine.

Create a durable entry point for autonomous work.

The body is the prompt: what the agent is to do when it fires. Write it as an
instruction to somebody who will read it with nobody else present — a routine
cannot ask a question and wait for an answer.

A webhook trigger mints a token, returned once. Store it now.

```json
{
  "type": "object",
  "properties": {
    "name": {
      "type": "string",
      "description": "What the routine does. Example: \"Triage new bugs each morning\"."
    },
    "agent": {
      "type": "string",
      "description": "Whose routine. Defaults to yours."
    },
    "status": {
      "type": "string",
      "description": "enabled or disabled. Defaults to enabled."
    },
    "triggers": {
      "type": [
        "null",
        "array"
      ],
      "items": {
        "type": "object",
        "properties": {
          "type": {
            "type": "string",
            "description": "One of: scheduled, webhook, activity."
          },
          "cron": {
            "type": "string",
            "description": "Five-field cron, for a scheduled trigger. Example: \"0 9 * * 1-5\"."
          },
          "namespace": {
            "type": "string",
            "description": "Activity namespace, for an activity trigger. Example: \"task\"."
          },
          "event": {
            "type": "string",
            "description": "Activity event. Empty means any event in the namespace."
          },
          "filters": {
            "type": [
              "null",
              "array"
            ],
            "items": {
              "type": "object",
              "properties": {
                "field": {
                  "type": "string",
                  "description": "Key in the activity's data. Example: \"type\"."
                },
                "operator": {
                  "type": "string",
                  "description": "One of: eq, neq, contains."
                },
                "value": {
                  "description": "What to compare against."
                }
              },
              "required": [
                "field",
                "operator",
                "value"
              ],
              "additionalProperties": false
            },
            "description": "Conditions on the activity payload. Only for activity triggers."
          }
        },
        "required": [
          "type"
        ],
        "additionalProperties": false
      },
      "description": "What makes it fire. Without one it only fires by hand."
    },
    "scope": {
      "type": "object",
      "properties": {
        "allowCreateTasks": {
          "type": "boolean",
          "description": "Let this routine create tasks."
        },
        "allowExternalCalls": {
          "type": "boolean",
          "description": "Let this routine reach outside the machine."
        },
        "allowedTools": {
          "type": [
            "null",
            "array"
          ],
          "items": {
            "type": "string"
          },
          "description": "Exact set of tools it may use. Empty means the agent's usual registry, minus what the flags above withhold."
        }
      },
      "description": "What it is allowed to do when it runs.",
      "required": [
        "allowCreateTasks",
        "allowExternalCalls"
      ],
      "additionalProperties": false
    },
    "content": {
      "type": "string",
      "description": "The routine's prompt: what to do when it fires."
    },
    "_reasoning": {
      "type": "string",
      "description": "MANDATORY. NEVER FORGET. Explain why this specific tool is being called now, what outcome you expect, and the immediate next step if that helps clarify the call. Do not leave this empty.",
      "minLength": 1
    }
  },
  "required": [
    "name",
    "_reasoning"
  ],
  "additionalProperties": false
}
```

### routines_delete

Remove a routine and its runs.

Delete the routine directory, with its whole run history.

Disabling is usually what you want: it stops firing and keeps the record of what
it did while it ran.

```json
{
  "type": "object",
  "properties": {
    "id": {
      "type": "string",
      "description": "Identifier of the routine."
    },
    "agent": {
      "type": "string",
      "description": "Whose routine. Defaults to yours."
    },
    "_reasoning": {
      "type": "string",
      "description": "MANDATORY. NEVER FORGET. Explain why this specific tool is being called now, what outcome you expect, and the immediate next step if that helps clarify the call. Do not leave this empty.",
      "minLength": 1
    }
  },
  "required": [
    "id",
    "_reasoning"
  ],
  "additionalProperties": false
}
```

### routines_fire

Run a routine now.

Fire a routine by hand, recording a run as any trigger would.

A disabled routine is not fired: the attempt records a skipped run and reports
why. Pass force to run it once anyway, without enabling it.

```json
{
  "type": "object",
  "properties": {
    "id": {
      "type": "string",
      "description": "Identifier of the routine."
    },
    "agent": {
      "type": "string",
      "description": "Whose routine. Defaults to yours."
    },
    "trigger": {
      "type": "string",
      "description": "What to record as the cause. Defaults to manual.",
      "enum": [
        "scheduled",
        "webhook",
        "activity"
      ]
    },
    "payload": {
      "type": "object",
      "description": "What to hand the routine.",
      "additionalProperties": true
    },
    "force": {
      "type": "boolean",
      "description": "Fire even if the routine is disabled."
    },
    "_reasoning": {
      "type": "string",
      "description": "MANDATORY. NEVER FORGET. Explain why this specific tool is being called now, what outcome you expect, and the immediate next step if that helps clarify the call. Do not leave this empty.",
      "minLength": 1
    }
  },
  "required": [
    "id",
    "_reasoning"
  ],
  "additionalProperties": false
}
```

### routines_get

Read one routine.

One routine: its triggers, its scope, when it fires next, and the
warnings about it.

The effective interval is reported next to the cron you declared. A schedule
finer than the tick fires once per tick, and this is where you find that out
rather than by watching it not happen.

```json
{
  "type": "object",
  "properties": {
    "id": {
      "type": "string",
      "description": "Identifier of the routine."
    },
    "agent": {
      "type": "string",
      "description": "Whose routine. Defaults to yours."
    },
    "_reasoning": {
      "type": "string",
      "description": "MANDATORY. NEVER FORGET. Explain why this specific tool is being called now, what outcome you expect, and the immediate next step if that helps clarify the call. Do not leave this empty.",
      "minLength": 1
    }
  },
  "required": [
    "id",
    "_reasoning"
  ],
  "additionalProperties": false
}
```

### routines_list

List the routines.

The routines of an agent, with the scheduler's tick so the real resolution of each schedule is visible.

```json
{
  "type": "object",
  "properties": {
    "agent": {
      "type": "string",
      "description": "Whose routines. Defaults to yours."
    },
    "status": {
      "type": "string",
      "description": "Only enabled or only disabled."
    },
    "query": {
      "type": "string",
      "description": "Substring match over name and identifier."
    },
    "limit": {
      "type": "integer",
      "description": "Maximum number to return. Omit for all of them."
    },
    "_reasoning": {
      "type": "string",
      "description": "MANDATORY. NEVER FORGET. Explain why this specific tool is being called now, what outcome you expect, and the immediate next step if that helps clarify the call. Do not leave this empty.",
      "minLength": 1
    }
  },
  "required": [
    "_reasoning"
  ],
  "additionalProperties": false
}
```

### routines_rotate

Mint a new webhook token.

Replace this routine's webhook token.

The previous one stops working immediately. The new one is shown once, here, and
only its hash is stored.

```json
{
  "type": "object",
  "properties": {
    "id": {
      "type": "string",
      "description": "Identifier of the routine."
    },
    "agent": {
      "type": "string",
      "description": "Whose routine. Defaults to yours."
    },
    "_reasoning": {
      "type": "string",
      "description": "MANDATORY. NEVER FORGET. Explain why this specific tool is being called now, what outcome you expect, and the immediate next step if that helps clarify the call. Do not leave this empty.",
      "minLength": 1
    }
  },
  "required": [
    "id",
    "_reasoning"
  ],
  "additionalProperties": false
}
```

### routines_runs

Read a routine's audit history.

Every firing of this routine, newest first: what triggered it, how it
ended, what it cost, and the conversation it ran in.

Failures are here too. A routine that fails silently is indistinguishable from
one that never ran, which is why every firing writes a record.

```json
{
  "type": "object",
  "properties": {
    "id": {
      "type": "string",
      "description": "Identifier of the routine."
    },
    "agent": {
      "type": "string",
      "description": "Whose routine. Defaults to yours."
    },
    "limit": {
      "type": "integer",
      "description": "How many to return, newest first."
    },
    "_reasoning": {
      "type": "string",
      "description": "MANDATORY. NEVER FORGET. Explain why this specific tool is being called now, what outcome you expect, and the immediate next step if that helps clarify the call. Do not leave this empty.",
      "minLength": 1
    }
  },
  "required": [
    "id",
    "_reasoning"
  ],
  "additionalProperties": false
}
```

### routines_update

Change a routine.

Change a routine's name, status, triggers, scope or prompt.

Triggers are replaced whole rather than merged, because a partial update of a
discriminated union is how you end up with a scheduled trigger holding a stale
webhook hash. A webhook among the new triggers mints a new token.

```json
{
  "type": "object",
  "properties": {
    "id": {
      "type": "string",
      "description": "Identifier of the routine."
    },
    "agent": {
      "type": "string",
      "description": "Whose routine. Defaults to yours."
    },
    "name": {
      "type": [
        "null",
        "string"
      ],
      "description": "New name."
    },
    "status": {
      "type": [
        "null",
        "string"
      ],
      "description": "enabled or disabled."
    },
    "triggers": {
      "type": [
        "null",
        "array"
      ],
      "items": {
        "type": "object",
        "properties": {
          "type": {
            "type": "string",
            "description": "One of: scheduled, webhook, activity."
          },
          "cron": {
            "type": "string",
            "description": "Five-field cron, for a scheduled trigger. Example: \"0 9 * * 1-5\"."
          },
          "namespace": {
            "type": "string",
            "description": "Activity namespace, for an activity trigger. Example: \"task\"."
          },
          "event": {
            "type": "string",
            "description": "Activity event. Empty means any event in the namespace."
          },
          "filters": {
            "type": [
              "null",
              "array"
            ],
            "items": {
              "type": "object",
              "properties": {
                "field": {
                  "type": "string",
                  "description": "Key in the activity's data. Example: \"type\"."
                },
                "operator": {
                  "type": "string",
                  "description": "One of: eq, neq, contains."
                },
                "value": {
                  "description": "What to compare against."
                }
              },
              "required": [
                "field",
                "operator",
                "value"
              ],
              "additionalProperties": false
            },
            "description": "Conditions on the activity payload. Only for activity triggers."
          }
        },
        "required": [
          "type"
        ],
        "additionalProperties": false
      },
      "description": "New triggers. Replaces the old ones whole; a webhook among them mints a new token."
    },
    "scope": {
      "type": [
        "null",
        "object"
      ],
      "properties": {
        "allowCreateTasks": {
          "type": "boolean",
          "description": "Let this routine create tasks."
        },
        "allowExternalCalls": {
          "type": "boolean",
          "description": "Let this routine reach outside the machine."
        },
        "allowedTools": {
          "type": [
            "null",
            "array"
          ],
          "items": {
            "type": "string"
          },
          "description": "Exact set of tools it may use. Empty means the agent's usual registry, minus what the flags above withhold."
        }
      },
      "description": "New scope.",
      "required": [
        "allowCreateTasks",
        "allowExternalCalls"
      ],
      "additionalProperties": false
    },
    "content": {
      "type": [
        "null",
        "string"
      ],
      "description": "New prompt."
    },
    "_reasoning": {
      "type": "string",
      "description": "MANDATORY. NEVER FORGET. Explain why this specific tool is being called now, what outcome you expect, and the immediate next step if that helps clarify the call. Do not leave this empty.",
      "minLength": 1
    }
  },
  "required": [
    "id",
    "_reasoning"
  ],
  "additionalProperties": false
}
```

