# tool: Update

Keep the three binaries on one version, verified before anything is
installed.

Check reads the release channel; it never downloads. It answers with a
state: up-to-date, available, not-configured (this build has no release
feed) or developer-build (a binary with no release version to compare). Only
a strictly newer release is offered.

Download fetches this platform's assets for a release Check found, verifies
the checksums file's signature against the embedded key and every asset's
own checksum, and refuses to stage anything on the first failure. Apply
takes the staged version, proves the staged files against the signature
again, swaps them in, waits for in-flight agent turns to finish first,
restarts the daemon, and rolls back automatically if the new version does
not report healthy. Download and Apply are for administrators (super
accounts) only.

The daemon cannot restart itself, so Apply refuses to run inside it
(UPDATE_RESTART_UNAVAILABLE) before touching anything; Check's install
field names the command that installs from a terminal instead, and says
when the window has to be reopened afterwards. Three kinds of installation
are reinstalled whole rather than updated one binary at a time
(UPDATE_REINSTALL_REQUIRED, with the reason): a signed macOS application
bundle; a directory this account cannot write, such as an AppImage or
Program Files; and the server flavour of the daemon, which carries the web
interface that the daemon a release publishes does not.

## When to use
- A person checking for updates, or scripting an update in CI/an installer

## When NOT to use
- Not from an agent: there is no MCP tool for this group. An update decision
  is a human's, and Apply restarts the very process serving the agent's own
  turn.

Composite tool `Update` with 4 actions: apply, check, download, status.

Apply without a prior Download of that same version fails with
UPDATE_NOTHING_STAGED.

## Usage
Call as `Update({ action: "<action>", input: { ... }, _reasoning: "..." })`.
Set `schema: true` on the same level as `action` to receive the full action detail (description, examples, input schema, token estimate) instead of executing.

## actions

### update_apply

Install a staged, verified release and restart the daemon.

Refuses before touching anything when another download or install is
running on this installation, in this daemon or in a terminal
(UPDATE_IN_PROGRESS), when the release is not staged under that version
(UPDATE_NOTHING_STAGED), when this process cannot restart the
daemon (UPDATE_RESTART_UNAVAILABLE — the daemon does not restart itself),
or when the installation is reinstalled whole — a bundle, a directory this
account cannot write, a server daemon (UPDATE_REINSTALL_REQUIRED).
Then proves every staged file against the signed checksums again
(UPDATE_STAGED_TAMPERED discards what no longer matches), waits for
in-flight agent turns to finish (bounded — UPDATE_ACTIVE_WORK_TIMEOUT if
they never do), swaps the staged binaries in, restarts the daemon, and
verifies it becomes healthy. On any failure after the swap, every binary is
rolled back and the daemon is restarted again on the previous version —
UPDATE_ROLLED_BACK reports that this happened, not that the whole operation
silently failed.

```json
{
  "type": "object",
  "properties": {
    "version": {
      "type": "string",
      "description": "The version to install, as DownloadOutput.staged.version returned it."
    },
    "_reasoning": {
      "type": "string",
      "description": "MANDATORY. NEVER FORGET. Explain why this specific tool is being called now, what outcome you expect, and the immediate next step if that helps clarify the call. Do not leave this empty.",
      "minLength": 1
    }
  },
  "required": [
    "version",
    "_reasoning"
  ],
  "additionalProperties": false
}
```

### update_check

Query the release channel. Never downloads anything.

Read the newest release on Channel and compare it against this installation's own version.

```json
{
  "type": "object",
  "properties": {
    "channel": {
      "type": "string",
      "description": "stable or beta. Defaults to stable."
    },
    "_reasoning": {
      "type": "string",
      "description": "MANDATORY. NEVER FORGET. Explain why this specific tool is being called now, what outcome you expect, and the immediate next step if that helps clarify the call. Do not leave this empty.",
      "minLength": 1
    }
  },
  "required": [
    "_reasoning"
  ],
  "additionalProperties": false
}
```

### update_download

Fetch and verify this platform's assets for a release. Nothing is installed yet.

Downloads the checksums file and its signature first, and refuses the
whole release (UPDATE_SIGNATURE_INVALID) if the signature does not verify
against the embedded public key before a single asset is fetched — or
UPDATE_SIGNATURE_MISSING when the release was published without one. Each
asset's binary, version and platform must match its file name in the signed
checksums (UPDATE_ASSET_REJECTED), and its own SHA-256 must match that file;
a mismatch (UPDATE_CHECKSUM_MISMATCH) leaves nothing staged. Only binaries
already installed on this machine are downloaded, and only for a release
newer than this one (UPDATE_NOT_NEWER). An installation that is reinstalled
whole downloads nothing (UPDATE_REINSTALL_REQUIRED).

```json
{
  "type": "object",
  "properties": {
    "release": {
      "type": [
        "null",
        "object"
      ],
      "properties": {
        "version": {
          "type": "string"
        },
        "channel": {
          "type": "string"
        },
        "notes": {
          "type": "string"
        },
        "publishedAt": {
          "type": "string"
        },
        "assets": {
          "type": [
            "null",
            "array"
          ],
          "items": {
            "type": "object",
            "properties": {
              "binary": {
                "type": "string"
              },
              "platform": {
                "type": "string"
              },
              "url": {
                "type": "string"
              },
              "size": {
                "type": "integer"
              },
              "filename": {
                "type": "string"
              }
            },
            "required": [
              "binary",
              "platform",
              "url",
              "size",
              "filename"
            ],
            "additionalProperties": false
          }
        },
        "checksumsUrl": {
          "type": "string"
        },
        "signatureUrl": {
          "type": "string"
        },
        "pageUrl": {
          "type": "string"
        }
      },
      "description": "The release to download, as CheckOutput.release returned it.",
      "required": [
        "version",
        "channel",
        "publishedAt",
        "assets",
        "checksumsUrl",
        "signatureUrl"
      ],
      "additionalProperties": false
    },
    "_reasoning": {
      "type": "string",
      "description": "MANDATORY. NEVER FORGET. Explain why this specific tool is being called now, what outcome you expect, and the immediate next step if that helps clarify the call. Do not leave this empty.",
      "minLength": 1
    }
  },
  "required": [
    "release",
    "_reasoning"
  ],
  "additionalProperties": false
}
```

### update_status

Report the current version, the last check and what is staged, without checking the network.

Read this installation's own version, whether it has a release feed, what the last check found, what is staged, and how a release would be installed here.

```json
{
  "type": "object",
  "properties": {
    "_reasoning": {
      "type": "string",
      "description": "MANDATORY. NEVER FORGET. Explain why this specific tool is being called now, what outcome you expect, and the immediate next step if that helps clarify the call. Do not leave this empty.",
      "minLength": 1
    }
  },
  "required": [
    "_reasoning"
  ],
  "additionalProperties": false
}
```

