The full output of the previous tool was truncated to fit the agent context. The complete output was saved to /home/dev/.aos/tmp/outputs/call-42.txt. Use the Read tool with offset and limit parameters to inspect the relevant slice (e.g. Read({ file_path: "/home/dev/.aos/tmp/outputs/call-42.txt", offset: 1, limit: 200 })), or move the file to a more convenient location with Bash if you need to keep it for later.